\BOOKMARK [1][-]{section*.1}{\376\377\000A\000b\000s\000t\000r\000a\000c\000t}{}% 1
\BOOKMARK [1][-]{section.1}{\376\377\000I\000n\000t\000r\000o\000d\000u\000c\000t\000i\000o\000n\000,\000\040\000S\000c\000o\000p\000e\000\040\000a\000n\000d\000\040\000C\000o\000n\000t\000e\000x\000t}{}% 2
\BOOKMARK [2][-]{subsection.1.1}{\376\377\000A\000n\000a\000l\000y\000s\000t\000\040\000T\000i\000m\000e\000\040\000A\000l\000l\000o\000c\000a\000t\000i\000o\000n}{section.1}% 3
\BOOKMARK [2][-]{subsection.1.2}{\376\377\000P\000r\000o\000b\000l\000e\000m\000\040\000A\000n\000a\000l\000y\000s\000i\000s}{section.1}% 4
\BOOKMARK [2][-]{subsection.1.3}{\376\377\000G\000a\000p\000\040\000A\000n\000a\000l\000y\000s\000i\000s}{section.1}% 5
\BOOKMARK [2][-]{subsection.1.4}{\376\377\000B\000u\000s\000i\000n\000e\000s\000s\000\040\000C\000a\000s\000e}{section.1}% 6
\BOOKMARK [2][-]{subsection.1.5}{\376\377\000A\000i\000m\000s\000\040\000a\000n\000d\000\040\000O\000b\000j\000e\000c\000t\000i\000v\000e\000s}{section.1}% 7
\BOOKMARK [2][-]{subsection.1.6}{\376\377\000S\000c\000o\000p\000e\000\040\000a\000n\000d\000\040\000S\000u\000c\000c\000e\000s\000s\000\040\000C\000r\000i\000t\000e\000r\000i\000a}{section.1}% 8
\BOOKMARK [1][-]{section.2}{\376\377\000M\000e\000t\000h\000o\000d\000o\000l\000o\000g\000y\000\040\000a\000n\000d\000\040\000P\000r\000o\000j\000e\000c\000t\000\040\000P\000l\000a\000n}{}% 9
\BOOKMARK [2][-]{subsection.2.1}{\376\377\000D\000e\000v\000e\000l\000o\000p\000m\000e\000n\000t\000\040\000M\000e\000t\000h\000o\000d\000o\000l\000o\000g\000y}{section.2}% 10
\BOOKMARK [2][-]{subsection.2.2}{\376\377\000R\000e\000q\000u\000i\000r\000e\000m\000e\000n\000t\000s\000\040\000A\000n\000a\000l\000y\000s\000i\000s}{section.2}% 11
\BOOKMARK [3][-]{subsubsection.2.2.1}{\376\377\000B\000u\000s\000i\000n\000e\000s\000s\000\040\000R\000e\000q\000u\000i\000r\000e\000m\000e\000n\000t\000s}{subsection.2.2}% 12
\BOOKMARK [3][-]{subsubsection.2.2.2}{\376\377\000F\000u\000n\000c\000t\000i\000o\000n\000a\000l\000\040\000R\000e\000q\000u\000i\000r\000e\000m\000e\000n\000t\000s}{subsection.2.2}% 13
\BOOKMARK [3][-]{subsubsection.2.2.3}{\376\377\000N\000o\000n\000-\000F\000u\000n\000c\000t\000i\000o\000n\000a\000l\000\040\000R\000e\000q\000u\000i\000r\000e\000m\000e\000n\000t\000s}{subsection.2.2}% 14
\BOOKMARK [2][-]{subsection.2.3}{\376\377\000T\000e\000c\000h\000n\000o\000l\000o\000g\000y\000\040\000S\000t\000a\000c\000k}{section.2}% 15
\BOOKMARK [3][-]{subsubsection.2.3.1}{\376\377\000P\000r\000o\000g\000r\000a\000m\000m\000i\000n\000g\000\040\000L\000a\000n\000g\000u\000a\000g\000e\000\040\000a\000n\000d\000\040\000F\000r\000a\000m\000e\000w\000o\000r\000k}{subsection.2.3}% 16
\BOOKMARK [3][-]{subsubsection.2.3.2}{\376\377\000A\000I\000\040\000a\000n\000d\000\040\000L\000L\000M\000\040\000I\000n\000t\000e\000g\000r\000a\000t\000i\000o\000n}{subsection.2.3}% 17
\BOOKMARK [3][-]{subsubsection.2.3.3}{\376\377\000D\000a\000t\000a\000\040\000S\000o\000u\000r\000c\000e\000s\000\040\000a\000n\000d\000\040\000A\000P\000I\000s}{subsection.2.3}% 18
\BOOKMARK [3][-]{subsubsection.2.3.4}{\376\377\000F\000r\000o\000n\000t\000e\000n\000d\000\040\000a\000n\000d\000\040\000D\000e\000p\000l\000o\000y\000m\000e\000n\000t}{subsection.2.3}% 19
\BOOKMARK [2][-]{subsection.2.4}{\376\377\000R\000e\000p\000r\000o\000d\000u\000c\000i\000b\000i\000l\000i\000t\000y}{section.2}% 20
\BOOKMARK [2][-]{subsection.2.5}{\376\377\000E\000v\000a\000l\000u\000a\000t\000i\000o\000n\000\040\000M\000e\000t\000h\000o\000d\000o\000l\000o\000g\000y}{section.2}% 21
\BOOKMARK [2][-]{subsection.2.6}{\376\377\000P\000r\000o\000j\000e\000c\000t\000\040\000P\000l\000a\000n}{section.2}% 22
\BOOKMARK [2][-]{subsection.2.7}{\376\377\000P\000l\000a\000n\000\040\000E\000x\000e\000c\000u\000t\000i\000o\000n\000\040\000a\000n\000d\000\040\000A\000d\000a\000p\000t\000a\000t\000i\000o\000n\000s}{section.2}% 23
\BOOKMARK [2][-]{subsection.2.8}{\376\377\000R\000i\000s\000k\000\040\000A\000s\000s\000e\000s\000s\000m\000e\000n\000t}{section.2}% 24
\BOOKMARK [2][-]{subsection.2.9}{\376\377\000S\000e\000v\000e\000r\000i\000t\000y\000\040\000E\000v\000a\000l\000u\000a\000t\000i\000o\000n}{section.2}% 25
\BOOKMARK [2][-]{subsection.2.10}{\376\377\000M\000i\000t\000i\000g\000a\000t\000i\000o\000n}{section.2}% 26
\BOOKMARK [2][-]{subsection.2.11}{\376\377\000E\000t\000h\000i\000c\000s\000\040\000a\000n\000d\000\040\000C\000o\000m\000p\000l\000i\000a\000n\000c\000e}{section.2}% 27
\BOOKMARK [2][-]{subsection.2.12}{\376\377\000P\000r\000o\000j\000e\000c\000t\000\040\000T\000r\000a\000c\000k\000i\000n\000g}{section.2}% 28
\BOOKMARK [1][-]{section.3}{\376\377\000P\000r\000e\000l\000i\000m\000i\000n\000a\000r\000y\000\040\000R\000e\000s\000e\000a\000r\000c\000h\000\040\000a\000n\000d\000\040\000D\000e\000s\000i\000g\000n\000\040\000D\000o\000c\000u\000m\000e\000n\000t\000a\000t\000i\000o\000n}{}% 29
\BOOKMARK [2][-]{subsection.3.1}{\376\377\000L\000i\000t\000e\000r\000a\000t\000u\000r\000e\000\040\000R\000e\000v\000i\000e\000w}{section.3}% 30
\BOOKMARK [3][-]{subsubsection.3.1.1}{\376\377\000L\000L\000M\000\040\000P\000r\000o\000d\000u\000c\000t\000i\000v\000i\000t\000y}{subsection.3.1}% 31
\BOOKMARK [3][-]{subsubsection.3.1.2}{\376\377\000A\000u\000t\000o\000m\000a\000t\000e\000d\000\040\000P\000r\000e\000s\000e\000n\000t\000a\000t\000i\000o\000n\000\040\000G\000e\000n\000e\000r\000a\000t\000i\000o\000n}{subsection.3.1}% 32
\BOOKMARK [3][-]{subsubsection.3.1.3}{\376\377\000A\000g\000e\000n\000t\000i\000c\000\040\000A\000r\000c\000h\000i\000t\000e\000c\000t\000u\000r\000e\000s\000\040\000a\000n\000d\000\040\000T\000o\000o\000l\000\040\000U\000s\000e}{subsection.3.1}% 33
\BOOKMARK [3][-]{subsubsection.3.1.4}{\376\377\000S\000t\000r\000u\000c\000t\000u\000r\000e\000d\000\040\000O\000u\000t\000p\000u\000t\000\040\000R\000e\000l\000i\000a\000b\000i\000l\000i\000t\000y}{subsection.3.1}% 34
\BOOKMARK [3][-]{subsubsection.3.1.5}{\376\377\000H\000a\000l\000l\000u\000c\000i\000n\000a\000t\000i\000o\000n\000\040\000a\000n\000d\000\040\000H\000u\000m\000a\000n\000\040\000O\000v\000e\000r\000s\000i\000g\000h\000t}{subsection.3.1}% 35
\BOOKMARK [3][-]{subsubsection.3.1.6}{\376\377\000R\000e\000s\000e\000a\000r\000c\000h\000\040\000G\000a\000p\000s}{subsection.3.1}% 36
\BOOKMARK [2][-]{subsection.3.2}{\376\377\000S\000y\000s\000t\000e\000m\000\040\000D\000e\000s\000i\000g\000n}{section.3}% 37
\BOOKMARK [3][-]{subsubsection.3.2.1}{\376\377\000A\000r\000c\000h\000i\000t\000e\000c\000t\000u\000r\000e\000\040\000O\000v\000e\000r\000v\000i\000e\000w}{subsection.3.2}% 38
\BOOKMARK [3][-]{subsubsection.3.2.2}{\376\377\000D\000a\000t\000a\000\040\000M\000o\000d\000e\000l\000s}{subsection.3.2}% 39
\BOOKMARK [3][-]{subsubsection.3.2.3}{\376\377\000C\000o\000m\000p\000o\000n\000e\000n\000t\000\040\000S\000p\000e\000c\000i\000f\000i\000c\000a\000t\000i\000o\000n\000s}{subsection.3.2}% 40
\BOOKMARK [3][-]{subsubsection.3.2.4}{\376\377\000A\000P\000I\000\040\000D\000e\000s\000i\000g\000n}{subsection.3.2}% 41
\BOOKMARK [3][-]{subsubsection.3.2.5}{\376\377\000D\000e\000s\000i\000g\000n\000\040\000T\000r\000a\000d\000e\000-\000o\000f\000f\000s}{subsection.3.2}% 42
\BOOKMARK [3][-]{subsubsection.3.2.6}{\376\377\000D\000a\000t\000a\000\040\000F\000l\000o\000w}{subsection.3.2}% 43
\BOOKMARK [3][-]{subsubsection.3.2.7}{\376\377\000D\000e\000s\000i\000g\000n\000\040\000L\000i\000m\000i\000t\000a\000t\000i\000o\000n\000s}{subsection.3.2}% 44
\BOOKMARK [1][-]{section.4}{\376\377\000P\000r\000o\000j\000e\000c\000t\000\040\000I\000m\000p\000l\000e\000m\000e\000n\000t\000a\000t\000i\000o\000n\000\040\000a\000n\000d\000\040\000O\000u\000t\000c\000o\000m\000e\000s}{}% 45
\BOOKMARK [2][-]{subsection.4.1}{\376\377\000A\000r\000c\000h\000i\000t\000e\000c\000t\000u\000r\000e\000\040\000E\000v\000o\000l\000u\000t\000i\000o\000n}{section.4}% 46
\BOOKMARK [2][-]{subsection.4.2}{\376\377\000M\000o\000n\000o\000r\000e\000p\000o\000\040\000S\000t\000r\000u\000c\000t\000u\000r\000e}{section.4}% 47
\BOOKMARK [2][-]{subsection.4.3}{\376\377\000O\000r\000c\000h\000e\000s\000t\000r\000a\000t\000i\000o\000n\000\040\000L\000a\000y\000e\000r}{section.4}% 48
\BOOKMARK [2][-]{subsection.4.4}{\376\377\000D\000e\000c\000k\000\040\000L\000a\000y\000o\000u\000t\000s\000\040\000a\000n\000d\000\040\000C\000o\000l\000o\000u\000r\000\040\000T\000h\000e\000m\000e\000s}{section.4}% 49
\BOOKMARK [2][-]{subsection.4.5}{\376\377\000C\000o\000r\000e\000\040\000P\000i\000p\000e\000l\000i\000n\000e}{section.4}% 50
\BOOKMARK [3][-]{subsubsection.4.5.1}{\376\377\000T\000e\000m\000p\000l\000a\000t\000e\000\040\000A\000n\000a\000l\000y\000s\000i\000s}{subsection.4.5}% 51
\BOOKMARK [3][-]{subsubsection.4.5.2}{\376\377\000C\000o\000n\000t\000e\000n\000t\000\040\000P\000l\000a\000n\000n\000i\000n\000g\000\040\000w\000i\000t\000h\000\040\000G\000P\000T\000-\0004\000o}{subsection.4.5}% 52
\BOOKMARK [3][-]{subsubsection.4.5.3}{\376\377\000S\000l\000i\000d\000e\000\040\000B\000u\000i\000l\000d\000i\000n\000g}{subsection.4.5}% 53
\BOOKMARK [3][-]{subsubsection.4.5.4}{\376\377\000D\000a\000t\000a\000\040\000R\000e\000t\000r\000i\000e\000v\000a\000l}{subsection.4.5}% 54
\BOOKMARK [3][-]{subsubsection.4.5.5}{\376\377\000S\000l\000i\000d\000e\000\040\000P\000r\000e\000v\000i\000e\000w\000\040\000G\000e\000n\000e\000r\000a\000t\000i\000o\000n}{subsection.4.5}% 55
\BOOKMARK [2][-]{subsection.4.6}{\376\377\000F\000r\000o\000m\000\040\000W\000e\000b\000-\000O\000n\000l\000y\000\040\000t\000o\000\040\000A\000d\000d\000-\000i\000n\000:\000\040\000T\000h\000e\000\040\000P\000r\000o\000d\000u\000c\000t\000\040\000P\000i\000v\000o\000t}{section.4}% 56
\BOOKMARK [2][-]{subsection.4.7}{\376\377\000P\000o\000w\000e\000r\000P\000o\000i\000n\000t\000\040\000A\000d\000d\000-\000i\000n}{section.4}% 57
\BOOKMARK [2][-]{subsection.4.8}{\376\377\000A\000I\000\040\000C\000h\000a\000t\000\040\000A\000s\000s\000i\000s\000t\000a\000n\000t}{section.4}% 58
\BOOKMARK [2][-]{subsection.4.9}{\376\377\000A\000u\000t\000h\000e\000n\000t\000i\000c\000a\000t\000i\000o\000n\000\040\000a\000n\000d\000\040\000S\000e\000s\000s\000i\000o\000n\000\040\000M\000a\000n\000a\000g\000e\000m\000e\000n\000t}{section.4}% 59
\BOOKMARK [2][-]{subsection.4.10}{\376\377\000T\000e\000s\000t\000i\000n\000g}{section.4}% 60
\BOOKMARK [3][-]{subsubsection.4.10.1}{\376\377\000U\000n\000i\000t\000\040\000a\000n\000d\000\040\000I\000n\000t\000e\000g\000r\000a\000t\000i\000o\000n\000\040\000T\000e\000s\000t\000s}{subsection.4.10}% 61
\BOOKMARK [3][-]{subsubsection.4.10.2}{\376\377\000E\0002\000E\000\040\000T\000e\000s\000t\000s}{subsection.4.10}% 62
\BOOKMARK [3][-]{subsubsection.4.10.3}{\376\377\000C\000I\000/\000C\000D\000\040\000P\000i\000p\000e\000l\000i\000n\000e}{subsection.4.10}% 63
\BOOKMARK [2][-]{subsection.4.11}{\376\377\000C\000h\000a\000l\000l\000e\000n\000g\000e\000s\000\040\000a\000n\000d\000\040\000R\000e\000s\000o\000l\000u\000t\000i\000o\000n\000s}{section.4}% 64
\BOOKMARK [2][-]{subsection.4.12}{\376\377\000R\000e\000q\000u\000i\000r\000e\000m\000e\000n\000t\000s\000\040\000T\000r\000a\000c\000k\000i\000n\000g}{section.4}% 65
\BOOKMARK [1][-]{section.5}{\376\377\000E\000v\000a\000l\000u\000a\000t\000i\000o\000n\000\040\000a\000n\000d\000\040\000C\000o\000n\000c\000l\000u\000s\000i\000o\000n\000s}{}% 66
\BOOKMARK [2][-]{subsection.5.1}{\376\377\000R\000e\000s\000u\000l\000t\000s\000\040\000A\000g\000a\000i\000n\000s\000t\000\040\000S\000u\000c\000c\000e\000s\000s\000\040\000C\000r\000i\000t\000e\000r\000i\000a}{section.5}% 67
\BOOKMARK [2][-]{subsection.5.2}{\376\377\000T\000e\000s\000t\000\040\000R\000e\000s\000u\000l\000t\000s}{section.5}% 68
\BOOKMARK [2][-]{subsection.5.3}{\376\377\000C\000o\000m\000p\000a\000r\000i\000s\000o\000n\000\040\000w\000i\000t\000h\000\040\000E\000x\000i\000s\000t\000i\000n\000g\000\040\000T\000o\000o\000l\000s}{section.5}% 69
\BOOKMARK [2][-]{subsection.5.4}{\376\377\000O\000b\000j\000e\000c\000t\000i\000v\000e\000s\000\040\000A\000s\000s\000e\000s\000s\000m\000e\000n\000t}{section.5}% 70
\BOOKMARK [2][-]{subsection.5.5}{\376\377\000B\000u\000s\000i\000n\000e\000s\000s\000\040\000C\000a\000s\000e\000\040\000V\000a\000l\000i\000d\000a\000t\000i\000o\000n}{section.5}% 71
\BOOKMARK [2][-]{subsection.5.6}{\376\377\000U\000s\000a\000b\000i\000l\000i\000t\000y\000\040\000E\000v\000a\000l\000u\000a\000t\000i\000o\000n}{section.5}% 72
\BOOKMARK [2][-]{subsection.5.7}{\376\377\000W\000h\000a\000t\000\040\000W\000o\000r\000k\000e\000d}{section.5}% 73
\BOOKMARK [2][-]{subsection.5.8}{\376\377\000W\000h\000a\000t\000\040\000D\000i\000d\000\040\000N\000o\000t\000\040\000W\000o\000r\000k}{section.5}% 74
\BOOKMARK [2][-]{subsection.5.9}{\376\377\000U\000n\000m\000e\000t\000\040\000R\000e\000q\000u\000i\000r\000e\000m\000e\000n\000t\000s\000\040\000a\000n\000d\000\040\000N\000e\000x\000t\000\040\000I\000t\000e\000r\000a\000t\000i\000o\000n}{section.5}% 75
\BOOKMARK [2][-]{subsection.5.10}{\376\377\000L\000i\000m\000i\000t\000a\000t\000i\000o\000n\000s}{section.5}% 76
\BOOKMARK [2][-]{subsection.5.11}{\376\377\000E\000S\000G\000\040\000a\000n\000d\000\040\000D\000E\000I\000\040\000C\000o\000n\000s\000i\000d\000e\000r\000a\000t\000i\000o\000n\000s}{section.5}% 77
\BOOKMARK [3][-]{subsubsection.5.11.1}{\376\377\000E\000n\000v\000i\000r\000o\000n\000m\000e\000n\000t\000a\000l\000\040\000I\000m\000p\000a\000c\000t}{subsection.5.11}% 78
\BOOKMARK [3][-]{subsubsection.5.11.2}{\376\377\000I\000m\000p\000a\000c\000t\000\040\000o\000n\000\040\000J\000u\000n\000i\000o\000r\000\040\000A\000n\000a\000l\000y\000s\000t\000\040\000R\000o\000l\000e\000s}{subsection.5.11}% 79
\BOOKMARK [3][-]{subsubsection.5.11.3}{\376\377\000A\000c\000c\000e\000s\000s\000i\000b\000i\000l\000i\000t\000y\000\040\000a\000n\000d\000\040\000B\000i\000a\000s}{subsection.5.11}% 80
\BOOKMARK [2][-]{subsection.5.12}{\376\377\000R\000e\000c\000o\000m\000m\000e\000n\000d\000a\000t\000i\000o\000n\000s}{section.5}% 81
\BOOKMARK [2][-]{subsection.5.13}{\376\377\000F\000u\000t\000u\000r\000e\000\040\000W\000o\000r\000k}{section.5}% 82
\BOOKMARK [2][-]{subsection.5.14}{\376\377\000P\000e\000r\000s\000o\000n\000a\000l\000\040\000L\000e\000a\000r\000n\000i\000n\000g}{section.5}% 83
\BOOKMARK [2][-]{subsection.5.15}{\376\377\000C\000o\000n\000c\000l\000u\000s\000i\000o\000n}{section.5}% 84
\BOOKMARK [1][-]{section*.59}{\376\377\000R\000e\000f\000e\000r\000e\000n\000c\000e\000s}{}% 85
\BOOKMARK [1][-]{section*.60}{\376\377\000A\000p\000p\000e\000n\000d\000i\000x\000\040\000A\000:\000\040\000K\000S\000B\000\040\000M\000a\000p\000p\000i\000n\000g}{}% 86
\BOOKMARK [1][-]{section*.84}{\376\377\000A\000p\000p\000e\000n\000d\000i\000x\000\040\000B\000:\000\040\000A\000r\000c\000h\000i\000t\000e\000c\000t\000u\000r\000e\000\040\000D\000e\000c\000i\000s\000i\000o\000n\000\040\000R\000e\000c\000o\000r\000d\000s}{}% 87
\BOOKMARK [1][-]{section*.89}{\376\377\000A\000p\000p\000e\000n\000d\000i\000x\000\040\000C\000:\000\040\000E\000v\000a\000l\000u\000a\000t\000i\000o\000n\000\040\000R\000u\000n\000\040\000D\000a\000t\000a}{}% 88
\BOOKMARK [1][-]{section*.90}{\376\377\000A\000p\000p\000e\000n\000d\000i\000x\000\040\000D\000:\000\040\000U\000s\000a\000b\000i\000l\000i\000t\000y\000\040\000E\000v\000a\000l\000u\000a\000t\000i\000o\000n\000\040\000Q\000u\000e\000s\000t\000i\000o\000n\000n\000a\000i\000r\000e\000\040\000a\000n\000d\000\040\000R\000e\000s\000p\000o\000n\000s\000e\000s}{}% 89
\BOOKMARK [1][-]{section*.93}{\376\377\000A\000p\000p\000e\000n\000d\000i\000x\000\040\000E\000:\000\040\000W\000e\000b\000\040\000A\000p\000p\000l\000i\000c\000a\000t\000i\000o\000n\000\040\000S\000c\000r\000e\000e\000n\000s\000h\000o\000t\000s}{}% 90
\BOOKMARK [1][-]{section*.112}{\376\377\000A\000p\000p\000e\000n\000d\000i\000x\000\040\000F\000:\000\040\000P\000o\000w\000e\000r\000P\000o\000i\000n\000t\000\040\000A\000d\000d\000-\000i\000n\000\040\000S\000c\000r\000e\000e\000n\000s\000h\000o\000t\000s}{}% 91
\BOOKMARK [1][-]{section*.117}{\376\377\000A\000p\000p\000e\000n\000d\000i\000x\000\040\000G\000:\000\040\000B\000i\000n\000a\000r\000y\000\040\000R\000i\000s\000k\000\040\000A\000n\000a\000l\000y\000s\000i\000s}{}% 92
